// Jest Snapshot v1, https://goo.gl/fbAQLP

exports[`addAPIData 1`] = `
Object {
  "payload": Object {
    "description": "Set at the intersection of the near future and the reimagined past, explore a world in which every human appetite, no matter how noble or depraved, can be indulged without consequence.",
    "imdbID": "tt0475784",
    "poster": "ww.jpg",
    "rating": "8.6",
    "title": "Westworld",
    "trailer": "eX3u0IlBBO4",
    "year": "2016â€“",
  },
  "type": "ADD_API_DATA",
}
`;

exports[`setSearchTerm 1`] = `
Object {
  "error": null,
  "payload": "Orange",
  "type": "SET_SEARCH_TERM",
}
`;
